2026-04-09 15:18:22,009 - INFO - 发送请求: http://localhost:3000/api/test
2026-04-09 15:18:22,016 - INFO - 响应状态码: 200
2026-04-09 15:18:22,016 - INFO - ✅ /api/test 测试通过
2026-04-09 15:18:22,018 - INFO - 发送请求: http://localhost:3000/api/users/random
2026-04-09 15:18:22,021 - INFO - 响应状态码: 200
2026-04-09 15:18:22,021 - INFO - ✅ /api/users/random 测试通过
2026-04-09 15:18:22,024 - INFO - 发送请求: http://localhost:3000/api/users/1
2026-04-09 15:18:22,027 - INFO - 状态码: 200
2026-04-09 15:18:22,027 - INFO - ✅ /api/users/1 测试通过
2026-04-09 15:18:22,030 - INFO - 发送请求: http://localhost:3000/api/users/1/profile
2026-04-09 15:18:22,034 - INFO - 状态码: 200
2026-04-09 15:18:22,034 - INFO - ✅ /api/users/1/profile 测试通过
2026-04-09 15:18:22,036 - INFO - 登录请求: admin/123456
2026-04-09 15:18:22,039 - INFO - 期望状态码: 200, 实际: 200
2026-04-09 15:18:22,039 - INFO - ✅ 登录测试通过: admin/123456
2026-04-09 15:18:22,042 - INFO - 登录请求: admin/wrong
2026-04-09 15:18:22,045 - INFO - 期望状态码: 401, 实际: 401
2026-04-09 15:18:22,045 - INFO - ✅ 登录测试通过: admin/wrong
2026-04-09 15:18:22,048 - INFO - 登录请求: wrong/123456
2026-04-09 15:18:22,050 - INFO - 期望状态码: 401, 实际: 401
2026-04-09 15:18:22,051 - INFO - ✅ 登录测试通过: wrong/123456
2026-04-09 15:18:22,053 - INFO - 登录请求: /123456
2026-04-09 15:18:22,055 - INFO - 期望状态码: 401, 实际: 401
2026-04-09 15:18:22,056 - INFO - ✅ 登录测试通过: /123456
2026-04-09 15:18:22,058 - INFO - 登录请求: admin/
2026-04-09 15:18:22,061 - INFO - 期望状态码: 401, 实际: 401
2026-04-09 15:18:22,061 - INFO - ✅ 登录测试通过: admin/
